<?xml version="1.0" encoding="ISO-8859-1" ?>
<link_info>
   <banner>TMS320C2000 Linker PC v22.6.1.LTS</banner>
   <copyright>Copyright (c) 1996-2018 Texas Instruments Incorporated</copyright>
   <link_time>0x69d5f70b</link_time>
   <link_errors>0x0</link_errors>
   <output_file>CodeBoard.out</output_file>
   <entry_point>
      <name>_c_int00</name>
      <address>0x8e805</address>
   </entry_point>
   <input_file_list>
      <input_file id="fl-2">
         <path>.\F28377D\Source Code\source\</path>
         <kind>object</kind>
         <file>F2837xD_CodeStartBranch.obj</file>
         <name>F2837xD_CodeStartBranch.obj</name>
      </input_file>
      <input_file id="fl-3">
         <path>.\F28377D\Source Code\source\</path>
         <kind>object</kind>
         <file>F2837xD_DefaultISR.obj</file>
         <name>F2837xD_DefaultISR.obj</name>
      </input_file>
      <input_file id="fl-4">
         <path>.\F28377D\Source Code\source\</path>
         <kind>object</kind>
         <file>F2837xD_GlobalVariableDefs.obj</file>
         <name>F2837xD_GlobalVariableDefs.obj</name>
      </input_file>
      <input_file id="fl-5">
         <path>.\F28377D\Source Code\source\</path>
         <kind>object</kind>
         <file>F2837xD_Gpio.obj</file>
         <name>F2837xD_Gpio.obj</name>
      </input_file>
      <input_file id="fl-6">
         <path>.\F28377D\Source Code\source\</path>
         <kind>object</kind>
         <file>F2837xD_PieCtrl.obj</file>
         <name>F2837xD_PieCtrl.obj</name>
      </input_file>
      <input_file id="fl-7">
         <path>.\F28377D\Source Code\source\</path>
         <kind>object</kind>
         <file>F2837xD_PieVect.obj</file>
         <name>F2837xD_PieVect.obj</name>
      </input_file>
      <input_file id="fl-8">
         <path>.\F28377D\Source Code\source\</path>
         <kind>object</kind>
         <file>F2837xD_SysCtrl.obj</file>
         <name>F2837xD_SysCtrl.obj</name>
      </input_file>
      <input_file id="fl-9">
         <path>.\F28377D\Source Code\source\</path>
         <kind>object</kind>
         <file>F2837xD_usDelay.obj</file>
         <name>F2837xD_usDelay.obj</name>
      </input_file>
      <input_file id="fl-a">
         <path>.\Source Code\BootLoader\</path>
         <kind>object</kind>
         <file>bootloader.obj</file>
         <name>bootloader.obj</name>
      </input_file>
      <input_file id="fl-b">
         <path>.\Source Code\CAN\APP\</path>
         <kind>object</kind>
         <file>can_app.obj</file>
         <name>can_app.obj</name>
      </input_file>
      <input_file id="fl-c">
         <path>.\Source Code\CAN\</path>
         <kind>object</kind>
         <file>CAN_Control.obj</file>
         <name>CAN_Control.obj</name>
      </input_file>
      <input_file id="fl-d">
         <path>.\Source Code\CAN\</path>
         <kind>object</kind>
         <file>my_can.obj</file>
         <name>my_can.obj</name>
      </input_file>
      <input_file id="fl-e">
         <path>.\Source Code\CAN\lib\CANopen\</path>
         <kind>object</kind>
         <file>CANopen.obj</file>
         <name>CANopen.obj</name>
      </input_file>
      <input_file id="fl-f">
         <path>.\Source Code\CAN\lib\CANopen\</path>
         <kind>object</kind>
         <file>CO_Emergency.obj</file>
         <name>CO_Emergency.obj</name>
      </input_file>
      <input_file id="fl-10">
         <path>.\Source Code\CAN\lib\CANopen\</path>
         <kind>object</kind>
         <file>CO_HBconsumer.obj</file>
         <name>CO_HBconsumer.obj</name>
      </input_file>
      <input_file id="fl-11">
         <path>.\Source Code\CAN\lib\CANopen\</path>
         <kind>object</kind>
         <file>CO_LSSmaster.obj</file>
         <name>CO_LSSmaster.obj</name>
      </input_file>
      <input_file id="fl-12">
         <path>.\Source Code\CAN\lib\CANopen\</path>
         <kind>object</kind>
         <file>CO_LSSslave.obj</file>
         <name>CO_LSSslave.obj</name>
      </input_file>
      <input_file id="fl-13">
         <path>.\Source Code\CAN\lib\CANopen\</path>
         <kind>object</kind>
         <file>CO_NMT_Heartbeat.obj</file>
         <name>CO_NMT_Heartbeat.obj</name>
      </input_file>
      <input_file id="fl-14">
         <path>.\Source Code\CAN\lib\CANopen\</path>
         <kind>object</kind>
         <file>CO_Node_Guarding.obj</file>
         <name>CO_Node_Guarding.obj</name>
      </input_file>
      <input_file id="fl-15">
         <path>.\Source Code\CAN\lib\CANopen\</path>
         <kind>object</kind>
         <file>CO_PDO.obj</file>
         <name>CO_PDO.obj</name>
      </input_file>
      <input_file id="fl-16">
         <path>.\Source Code\CAN\lib\CANopen\</path>
         <kind>object</kind>
         <file>CO_SDO.obj</file>
         <name>CO_SDO.obj</name>
      </input_file>
      <input_file id="fl-17">
         <path>.\Source Code\CAN\lib\CANopen\</path>
         <kind>object</kind>
         <file>CO_SDOmaster.obj</file>
         <name>CO_SDOmaster.obj</name>
      </input_file>
      <input_file id="fl-18">
         <path>.\Source Code\CAN\lib\CANopen\</path>
         <kind>object</kind>
         <file>CO_SYNC.obj</file>
         <name>CO_SYNC.obj</name>
      </input_file>
      <input_file id="fl-19">
         <path>.\Source Code\CAN\lib\CANopen\</path>
         <kind>object</kind>
         <file>CO_TIME.obj</file>
         <name>CO_TIME.obj</name>
      </input_file>
      <input_file id="fl-1a">
         <path>.\Source Code\CAN\lib\CANopen\</path>
         <kind>object</kind>
         <file>CO_trace.obj</file>
         <name>CO_trace.obj</name>
      </input_file>
      <input_file id="fl-1b">
         <path>.\Source Code\CAN\lib\CANopen\</path>
         <kind>object</kind>
         <file>crc16-ccitt.obj</file>
         <name>crc16-ccitt.obj</name>
      </input_file>
      <input_file id="fl-1c">
         <path>.\Source Code\CAN\lib\CANopen\DSP\</path>
         <kind>object</kind>
         <file>CANopenNode_main.obj</file>
         <name>CANopenNode_main.obj</name>
      </input_file>
      <input_file id="fl-1d">
         <path>.\Source Code\CAN\lib\CANopen\DSP\</path>
         <kind>object</kind>
         <file>CO_OD.obj</file>
         <name>CO_OD.obj</name>
      </input_file>
      <input_file id="fl-1e">
         <path>.\Source Code\CAN\lib\CANopen\DSP\</path>
         <kind>object</kind>
         <file>CO_driver.obj</file>
         <name>CO_driver.obj</name>
      </input_file>
      <input_file id="fl-1f">
         <path>.\Source Code\CAN\lib\CANopen\DSP\</path>
         <kind>object</kind>
         <file>application.obj</file>
         <name>application.obj</name>
      </input_file>
      <input_file id="fl-20">
         <path>.\Source Code\Contorl\</path>
         <kind>object</kind>
         <file>PIDFunMode.obj</file>
         <name>PIDFunMode.obj</name>
      </input_file>
      <input_file id="fl-21">
         <path>.\Source Code\Contorl\</path>
         <kind>object</kind>
         <file>fpga.obj</file>
         <name>fpga.obj</name>
      </input_file>
      <input_file id="fl-22">
         <path>.\Source Code\Contorl\</path>
         <kind>object</kind>
         <file>powerModule.obj</file>
         <name>powerModule.obj</name>
      </input_file>
      <input_file id="fl-23">
         <path>.\Source Code\Contorl\</path>
         <kind>object</kind>
         <file>recorder.obj</file>
         <name>recorder.obj</name>
      </input_file>
      <input_file id="fl-24">
         <path>.\Source Code\Contorl\</path>
         <kind>object</kind>
         <file>svpwm.obj</file>
         <name>svpwm.obj</name>
      </input_file>
      <input_file id="fl-25">
         <path>.\Source Code\DIDO\</path>
         <kind>object</kind>
         <file>dido.obj</file>
         <name>dido.obj</name>
      </input_file>
      <input_file id="fl-26">
         <path>.\Source Code\GlobalVarivables\</path>
         <kind>object</kind>
         <file>GlobalVariables.obj</file>
         <name>GlobalVariables.obj</name>
      </input_file>
      <input_file id="fl-27">
         <path>.\Source Code\PWM\</path>
         <kind>object</kind>
         <file>my_epwm.obj</file>
         <name>my_epwm.obj</name>
      </input_file>
      <input_file id="fl-28">
         <path>.\Source Code\W5500\</path>
         <kind>object</kind>
         <file>w5500.obj</file>
         <name>w5500.obj</name>
      </input_file>
      <input_file id="fl-29">
         <path>.\Source Code\W5500\</path>
         <kind>object</kind>
         <file>w5500_handle.obj</file>
         <name>w5500_handle.obj</name>
      </input_file>
      <input_file id="fl-2a">
         <path>.\Source Code\modbus\</path>
         <kind>object</kind>
         <file>customFrame.obj</file>
         <name>customFrame.obj</name>
      </input_file>
      <input_file id="fl-2b">
         <path>.\Source Code\modbus\</path>
         <kind>object</kind>
         <file>mbcrc.obj</file>
         <name>mbcrc.obj</name>
      </input_file>
      <input_file id="fl-2c">
         <path>.\Source Code\modbus\</path>
         <kind>object</kind>
         <file>modbus.obj</file>
         <name>modbus.obj</name>
      </input_file>
      <input_file id="fl-2d">
         <path>.\syscfg\</path>
         <kind>object</kind>
         <file>board.obj</file>
         <name>board.obj</name>
      </input_file>
      <input_file id="fl-2e">
         <path>.\syscfg\</path>
         <kind>object</kind>
         <file>c2000ware_libraries.obj</file>
         <name>c2000ware_libraries.obj</name>
      </input_file>
      <input_file id="fl-2f">
         <path>.\Source Code\source\</path>
         <kind>object</kind>
         <file>PeripheralsInit.obj</file>
         <name>PeripheralsInit.obj</name>
      </input_file>
      <input_file id="fl-30">
         <path>.\Source Code\source\</path>
         <kind>object</kind>
         <file>debug.obj</file>
         <name>debug.obj</name>
      </input_file>
      <input_file id="fl-31">
         <path>.\Source Code\source\</path>
         <kind>object</kind>
         <file>isr.obj</file>
         <name>isr.obj</name>
      </input_file>
      <input_file id="fl-32">
         <path>.\Source Code\source\</path>
         <kind>object</kind>
         <file>main.obj</file>
         <name>main.obj</name>
      </input_file>
      <input_file id="fl-33">
         <path>.\Source Code\source\</path>
         <kind>object</kind>
         <file>my_adcContorl.obj</file>
         <name>my_adcContorl.obj</name>
      </input_file>
      <input_file id="fl-34">
         <path>.\Source Code\source\</path>
         <kind>object</kind>
         <file>my_dma.obj</file>
         <name>my_dma.obj</name>
      </input_file>
      <input_file id="fl-35">
         <path>.\Source Code\source\</path>
         <kind>object</kind>
         <file>my_flash.obj</file>
         <name>my_flash.obj</name>
      </input_file>
      <input_file id="fl-36">
         <path>.\Source Code\source\</path>
         <kind>object</kind>
         <file>my_fram.obj</file>
         <name>my_fram.obj</name>
      </input_file>
      <input_file id="fl-37">
         <path>.\Source Code\source\</path>
         <kind>object</kind>
         <file>my_sci.obj</file>
         <name>my_sci.obj</name>
      </input_file>
      <input_file id="fl-38">
         <path>.\Source Code\source\</path>
         <kind>object</kind>
         <file>my_spi.obj</file>
         <name>my_spi.obj</name>
      </input_file>
      <input_file id="fl-39">
         <path>.\Source Code\source\</path>
         <kind>object</kind>
         <file>my_xmif.obj</file>
         <name>my_xmif.obj</name>
      </input_file>
      <input_file id="fl-3a">
         <path>.\device\</path>
         <kind>object</kind>
         <file>device.obj</file>
         <name>device.obj</name>
      </input_file>
      <input_file id="fl-41">
         <kind>object</kind>
         <file>&lt;internal&gt;</file>
         <name>&lt;internal&gt;</name>
      </input_file>
      <input_file id="fl-45">
         <path>D:\Ti\c2000\C2000Ware_5_04_00_00\driverlib\f2837xd\driverlib\ccs\Debug\</path>
         <kind>archive</kind>
         <file>driverlib_coff.lib</file>
         <name>can.obj</name>
      </input_file>
      <input_file id="fl-46">
         <path>D:\Ti\c2000\C2000Ware_5_04_00_00\driverlib\f2837xd\driverlib\ccs\Debug\</path>
         <kind>archive</kind>
         <file>driverlib_coff.lib</file>
         <name>flash.obj</name>
      </input_file>
      <input_file id="fl-47">
         <path>D:\Ti\c2000\C2000Ware_5_04_00_00\driverlib\f2837xd\driverlib\ccs\Debug\</path>
         <kind>archive</kind>
         <file>driverlib_coff.lib</file>
         <name>gpio.obj</name>
      </input_file>
      <input_file id="fl-48">
         <path>D:\Ti\c2000\C2000Ware_5_04_00_00\driverlib\f2837xd\driverlib\ccs\Debug\</path>
         <kind>archive</kind>
         <file>driverlib_coff.lib</file>
         <name>interrupt.obj</name>
      </input_file>
      <input_file id="fl-49">
         <path>D:\Ti\c2000\C2000Ware_5_04_00_00\driverlib\f2837xd\driverlib\ccs\Debug\</path>
         <kind>archive</kind>
         <file>driverlib_coff.lib</file>
         <name>sysctl.obj</name>
      </input_file>
      <input_file id="fl-55">
         <path>D:\Ti\LT226\lib\</path>
         <kind>archive</kind>
         <file>rts2800_fpu32.lib</file>
         <name>e_logf.c.obj</name>
      </input_file>
      <input_file id="fl-56">
         <path>D:\Ti\LT226\lib\</path>
         <kind>archive</kind>
         <file>rts2800_fpu32.lib</file>
         <name>snprintf.c.obj</name>
      </input_file>
      <input_file id="fl-57">
         <path>D:\Ti\LT226\lib\</path>
         <kind>archive</kind>
         <file>rts2800_fpu32.lib</file>
         <name>boot28.asm.obj</name>
      </input_file>
      <input_file id="fl-58">
         <path>D:\Ti\LT226\lib\</path>
         <kind>archive</kind>
         <file>rts2800_fpu32.lib</file>
         <name>fs_div28.asm.obj</name>
      </input_file>
      <input_file id="fl-59">
         <path>D:\Ti\LT226\lib\</path>
         <kind>archive</kind>
         <file>rts2800_fpu32.lib</file>
         <name>u_div28.asm.obj</name>
      </input_file>
      <input_file id="fl-5a">
         <path>D:\Ti\LT226\lib\</path>
         <kind>archive</kind>
         <file>rts2800_fpu32.lib</file>
         <name>cpy_tbl.c.obj</name>
      </input_file>
      <input_file id="fl-5b">
         <path>D:\Ti\LT226\lib\</path>
         <kind>archive</kind>
         <file>rts2800_fpu32.lib</file>
         <name>memcpy.c.obj</name>
      </input_file>
      <input_file id="fl-5c">
         <path>D:\Ti\LT226\lib\</path>
         <kind>archive</kind>
         <file>rts2800_fpu32.lib</file>
         <name>pre_init.c.obj</name>
      </input_file>
      <input_file id="fl-5d">
         <path>D:\Ti\LT226\lib\</path>
         <kind>archive</kind>
         <file>rts2800_fpu32.lib</file>
         <name>startup.c.obj</name>
      </input_file>
      <input_file id="fl-5e">
         <path>D:\Ti\LT226\lib\</path>
         <kind>archive</kind>
         <file>rts2800_fpu32.lib</file>
         <name>exit.c.obj</name>
      </input_file>
      <input_file id="fl-5f">
         <path>D:\Ti\LT226\lib\</path>
         <kind>archive</kind>
         <file>rts2800_fpu32.lib</file>
         <name>_lock.c.obj</name>
      </input_file>
      <input_file id="fl-60">
         <path>D:\Ti\LT226\lib\</path>
         <kind>archive</kind>
         <file>rts2800_fpu32.lib</file>
         <name>args_main.c.obj</name>
      </input_file>
      <input_file id="fl-61">
         <path>D:\Ti\LT226\lib\</path>
         <kind>archive</kind>
         <file>rts2800_fpu32.lib</file>
         <name>errno.c.obj</name>
      </input_file>
      <input_file id="fl-62">
         <path>D:\Ti\LT226\lib\</path>
         <kind>archive</kind>
         <file>rts2800_fpu32.lib</file>
         <name>_printfi.c.obj</name>
      </input_file>
      <input_file id="fl-63">
         <path>D:\Ti\LT226\lib\</path>
         <kind>archive</kind>
         <file>rts2800_fpu32.lib</file>
         <name>fd_cmp28.asm.obj</name>
      </input_file>
      <input_file id="fl-64">
         <path>D:\Ti\LT226\lib\</path>
         <kind>archive</kind>
         <file>rts2800_fpu32.lib</file>
         <name>fd_mpy28.asm.obj</name>
      </input_file>
      <input_file id="fl-65">
         <path>D:\Ti\LT226\lib\</path>
         <kind>archive</kind>
         <file>rts2800_fpu32.lib</file>
         <name>fd_neg28.asm.obj</name>
      </input_file>
      <input_file id="fl-66">
         <path>D:\Ti\LT226\lib\</path>
         <kind>archive</kind>
         <file>rts2800_fpu32.lib</file>
         <name>fd_sub28.asm.obj</name>
      </input_file>
      <input_file id="fl-67">
         <path>D:\Ti\LT226\lib\</path>
         <kind>archive</kind>
         <file>rts2800_fpu32.lib</file>
         <name>fd_toi28.asm.obj</name>
      </input_file>
      <input_file id="fl-68">
         <path>D:\Ti\LT226\lib\</path>
         <kind>archive</kind>
         <file>rts2800_fpu32.lib</file>
         <name>fd_tol28.asm.obj</name>
      </input_file>
      <input_file id="fl-69">
         <path>D:\Ti\LT226\lib\</path>
         <kind>archive</kind>
         <file>rts2800_fpu32.lib</file>
         <name>ll_aox28.asm.obj</name>
      </input_file>
      <input_file id="fl-6a">
         <path>D:\Ti\LT226\lib\</path>
         <kind>archive</kind>
         <file>rts2800_fpu32.lib</file>
         <name>ll_cmp28.asm.obj</name>
      </input_file>
      <input_file id="fl-6b">
         <path>D:\Ti\LT226\lib\</path>
         <kind>archive</kind>
         <file>rts2800_fpu32.lib</file>
         <name>ll_div28.asm.obj</name>
      </input_file>
      <input_file id="fl-6c">
         <path>D:\Ti\LT226\lib\</path>
         <kind>archive</kind>
         <file>rts2800_fpu32.lib</file>
         <name>i_tofd28.asm.obj</name>
      </input_file>
      <input_file id="fl-6d">
         <path>D:\Ti\LT226\lib\</path>
         <kind>archive</kind>
         <file>rts2800_fpu32.lib</file>
         <name>l_tofd28.asm.obj</name>
      </input_file>
      <input_file id="fl-6e">
         <path>D:\Ti\LT226\lib\</path>
         <kind>archive</kind>
         <file>rts2800_fpu32.lib</file>
         <name>fs_tofdfpu32.asm.obj</name>
      </input_file>
      <input_file id="fl-6f">
         <path>D:\Ti\LT226\lib\</path>
         <kind>archive</kind>
         <file>rts2800_fpu32.lib</file>
         <name>fd_div28.asm.obj</name>
      </input_file>
      <input_file id="fl-70">
         <path>D:\Ti\LT226\lib\</path>
         <kind>archive</kind>
         <file>rts2800_fpu32.lib</file>
         <name>_ltoa.c.obj</name>
      </input_file>
      <input_file id="fl-71">
         <path>D:\Ti\LT226\lib\</path>
         <kind>archive</kind>
         <file>rts2800_fpu32.lib</file>
         <name>atoi.c.obj</name>
      </input_file>
      <input_file id="fl-72">
         <path>D:\Ti\LT226\lib\</path>
         <kind>archive</kind>
         <file>rts2800_fpu32.lib</file>
         <name>ctype.c.obj</name>
      </input_file>
      <input_file id="fl-73">
         <path>D:\Ti\LT226\lib\</path>
         <kind>archive</kind>
         <file>rts2800_fpu32.lib</file>
         <name>memccpy.c.obj</name>
      </input_file>
      <input_file id="fl-74">
         <path>D:\Ti\LT226\lib\</path>
         <kind>archive</kind>
         <file>rts2800_fpu32.lib</file>
         <name>memset.c.obj</name>
      </input_file>
      <input_file id="fl-75">
         <path>D:\Ti\LT226\lib\</path>
         <kind>archive</kind>
         <file>rts2800_fpu32.lib</file>
         <name>strchr.c.obj</name>
      </input_file>
      <input_file id="fl-76">
         <path>D:\Ti\LT226\lib\</path>
         <kind>archive</kind>
         <file>rts2800_fpu32.lib</file>
         <name>strcpy.c.obj</name>
      </input_file>
      <input_file id="fl-77">
         <path>D:\Ti\LT226\lib\</path>
         <kind>archive</kind>
         <file>rts2800_fpu32.lib</file>
         <name>strlen.c.obj</name>
      </input_file>
      <input_file id="fl-78">
         <path>D:\Ti\LT226\lib\</path>
         <kind>archive</kind>
         <file>rts2800_fpu32.lib</file>
         <name>s_frexp.c.obj</name>
      </input_file>
      <input_file id="fl-79">
         <path>D:\Ti\LT226\lib\</path>
         <kind>archive</kind>
         <file>rts2800_fpu32.lib</file>
         <name>s_scalbn.c.obj</name>
      </input_file>
      <input_file id="fl-7a">
         <path>D:\Ti\LT226\lib\</path>
         <kind>archive</kind>
         <file>rts2800_fpu32.lib</file>
         <name>wcslen.c.obj</name>
      </input_file>
      <input_file id="fl-7b">
         <path>D:\Ti\LT226\lib\</path>
         <kind>archive</kind>
         <file>rts2800_fpu32.lib</file>
         <name>fd_add28.asm.obj</name>
      </input_file>
      <input_file id="fl-7c">
         <path>D:\Ti\LT226\lib\</path>
         <kind>archive</kind>
         <file>rts2800_fpu32.lib</file>
         <name>l_div28.asm.obj</name>
      </input_file>
      <input_file id="fl-7d">
         <path>D:\Ti\LT226\lib\</path>
         <kind>archive</kind>
         <file>rts2800_fpu32.lib</file>
         <name>s_copysign.c.obj</name>
      </input_file>
   </input_file_list>
   <object_component_list>
      <object_component id="oc-1a4">
         <name>.cinit</name>
         <load_address>0x8fce8</load_address>
         <run_address>0x8fce8</run_address>
         <size>0x3a0</size>
         <input_file_ref idref="fl-1d"/>
      </object_component>
      <object_component id="oc-1cd">
         <name>.cinit</name>
         <load_address>0x90088</load_address>
         <run_address>0x90088</run_address>
         <size>0x134</size>
         <input_file_ref idref="fl-24"/>
      </object_component>
      <object_component id="oc-142">
         <name>.cinit</name>
         <load_address>0x901bc</load_address>
         <run_address>0x901bc</run_address>
         <size>0x82</size>
         <input_file_ref idref="fl-a"/>
      </object_component>
      <object_component id="oc-1c6">
         <name>.cinit</name>
         <load_address>0x9023e</load_address>
         <run_address>0x9023e</run_address>
         <size>0x40</size>
         <input_file_ref idref="fl-23"/>
      </object_component>
      <object_component id="oc-39a">
         <name>.cinit:_server_ip</name>
         <load_address>0x9027e</load_address>
         <run_address>0x9027e</run_address>
         <size>0x23</size>
         <input_file_ref idref="fl-28"/>
      </object_component>
      <object_component id="oc-1bf">
         <name>.cinit</name>
         <load_address>0x902a1</load_address>
         <run_address>0x902a1</run_address>
         <size>0x23</size>
         <input_file_ref idref="fl-22"/>
      </object_component>
      <object_component id="oc-23c">
         <name>.cinit</name>
         <load_address>0x902c4</load_address>
         <run_address>0x902c4</run_address>
         <size>0x1f</size>
         <input_file_ref idref="fl-33"/>
      </object_component>
      <object_component id="oc-19d">
         <name>.cinit</name>
         <load_address>0x902e3</load_address>
         <run_address>0x902e3</run_address>
         <size>0x18</size>
         <input_file_ref idref="fl-1c"/>
      </object_component>
      <object_component id="oc-22f">
         <name>.cinit</name>
         <load_address>0x902fb</load_address>
         <run_address>0x902fb</run_address>
         <size>0x14</size>
         <input_file_ref idref="fl-31"/>
      </object_component>
      <object_component id="oc-24a">
         <name>.cinit</name>
         <load_address>0x9030f</load_address>
         <run_address>0x9030f</run_address>
         <size>0x14</size>
         <input_file_ref idref="fl-35"/>
      </object_component>
      <object_component id="oc-110">
         <name>.cinit:_EPwmxRegs</name>
         <load_address>0x90323</load_address>
         <run_address>0x90323</run_address>
         <size>0x13</size>
         <input_file_ref idref="fl-27"/>
      </object_component>
      <object_component id="oc-3ef">
         <name>.cinit:_W5500_RX_FrameResolutionFunc</name>
         <load_address>0x90336</load_address>
         <run_address>0x90336</run_address>
         <size>0x13</size>
         <input_file_ref idref="fl-29"/>
      </object_component>
      <object_component id="oc-252">
         <name>.cinit</name>
         <load_address>0x90349</load_address>
         <run_address>0x90349</run_address>
         <size>0x13</size>
         <input_file_ref idref="fl-36"/>
      </object_component>
      <object_component id="oc-10e">
         <name>.cinit:_DMAChannel</name>
         <load_address>0x9035c</load_address>
         <run_address>0x9035c</run_address>
         <size>0xf</size>
         <input_file_ref idref="fl-34"/>
      </object_component>
      <object_component id="oc-26b">
         <name>.cinit</name>
         <load_address>0x9036b</load_address>
         <run_address>0x9036b</run_address>
         <size>0xf</size>
         <input_file_ref idref="fl-3a"/>
      </object_component>
      <object_component id="oc-14e">
         <name>.cinit</name>
         <load_address>0x9037a</load_address>
         <run_address>0x9037a</run_address>
         <size>0xe</size>
         <input_file_ref idref="fl-c"/>
      </object_component>
      <object_component id="oc-2c4">
         <name>.cinit</name>
         <load_address>0x90388</load_address>
         <run_address>0x90388</run_address>
         <size>0xe</size>
         <input_file_ref idref="fl-5e"/>
      </object_component>
      <object_component id="oc-1d5">
         <name>.cinit</name>
         <load_address>0x90396</load_address>
         <run_address>0x90396</run_address>
         <size>0xc</size>
         <input_file_ref idref="fl-25"/>
      </object_component>
      <object_component id="oc-c7">
         <name>.cinit:_SCI_R</name>
         <load_address>0x903a2</load_address>
         <run_address>0x903a2</run_address>
         <size>0xb</size>
         <input_file_ref idref="fl-37"/>
      </object_component>
      <object_component id="oc-3a0">
         <name>.cinit:_UART_RX_FrameResolutionFunc</name>
         <load_address>0x903ad</load_address>
         <run_address>0x903ad</run_address>
         <size>0xb</size>
         <input_file_ref idref="fl-37"/>
      </object_component>
      <object_component id="oc-394">
         <name>.cinit:_W5500_rxSize</name>
         <load_address>0x903b8</load_address>
         <run_address>0x903b8</run_address>
         <size>0xb</size>
         <input_file_ref idref="fl-28"/>
      </object_component>
      <object_component id="oc-392">
         <name>.cinit:_W5500_txSize</name>
         <load_address>0x903c3</load_address>
         <run_address>0x903c3</run_address>
         <size>0xb</size>
         <input_file_ref idref="fl-28"/>
      </object_component>
      <object_component id="oc-398">
         <name>.cinit:_connect_flag</name>
         <load_address>0x903ce</load_address>
         <run_address>0x903ce</run_address>
         <size>0xb</size>
         <input_file_ref idref="fl-28"/>
      </object_component>
      <object_component id="oc-396">
         <name>.cinit:_local_port</name>
         <load_address>0x903d9</load_address>
         <run_address>0x903d9</run_address>
         <size>0xb</size>
         <input_file_ref idref="fl-28"/>
      </object_component>
      <object_component id="oc-39c">
         <name>.cinit:_server_port</name>
         <load_address>0x903e4</load_address>
         <run_address>0x903e4</run_address>
         <size>0xb</size>
         <input_file_ref idref="fl-28"/>
      </object_component>
      <object_component id="oc-1dd">
         <name>.cinit</name>
         <load_address>0x903ef</load_address>
         <run_address>0x903ef</run_address>
         <size>0x9</size>
         <input_file_ref idref="fl-26"/>
      </object_component>
      <object_component id="oc-3be">
         <name>.cinit:_Io</name>
         <load_address>0x903f8</load_address>
         <run_address>0x903f8</run_address>
         <size>0x9</size>
         <input_file_ref idref="fl-24"/>
      </object_component>
      <object_component id="oc-cc">
         <name>.cinit:_SPI_REG</name>
         <load_address>0x90401</load_address>
         <run_address>0x90401</run_address>
         <size>0x9</size>
         <input_file_ref idref="fl-38"/>
      </object_component>
      <object_component id="oc-3c4">
         <name>.cinit:_SVPWMDuty</name>
         <load_address>0x9040a</load_address>
         <run_address>0x9040a</run_address>
         <size>0x9</size>
         <input_file_ref idref="fl-24"/>
      </object_component>
      <object_component id="oc-3ba">
         <name>.cinit:_Ui</name>
         <load_address>0x90413</load_address>
         <run_address>0x90413</run_address>
         <size>0x9</size>
         <input_file_ref idref="fl-24"/>
      </object_component>
      <object_component id="oc-3bc">
         <name>.cinit:_Uo</name>
         <load_address>0x9041c</load_address>
         <run_address>0x9041c</run_address>
         <size>0x9</size>
         <input_file_ref idref="fl-24"/>
      </object_component>
      <object_component id="oc-3ae">
         <name>.cinit:_io</name>
         <load_address>0x90425</load_address>
         <run_address>0x90425</run_address>
         <size>0x9</size>
         <input_file_ref idref="fl-24"/>
      </object_component>
      <object_component id="oc-3b8">
         <name>.cinit:_iox</name>
         <load_address>0x9042e</load_address>
         <run_address>0x9042e</run_address>
         <size>0x9</size>
         <input_file_ref idref="fl-24"/>
      </object_component>
      <object_component id="oc-3b0">
         <name>.cinit:_ui</name>
         <load_address>0x90437</load_address>
         <run_address>0x90437</run_address>
         <size>0x9</size>
         <input_file_ref idref="fl-24"/>
      </object_component>
      <object_component id="oc-3b4">
         <name>.cinit:_uix</name>
         <load_address>0x90440</load_address>
         <run_address>0x90440</run_address>
         <size>0x9</size>
         <input_file_ref idref="fl-24"/>
      </object_component>
      <object_component id="oc-3b2">
         <name>.cinit:_uo</name>
         <load_address>0x90449</load_address>
         <run_address>0x90449</run_address>
         <size>0x9</size>
         <input_file_ref idref="fl-24"/>
      </object_component>
      <object_component id="oc-3b6">
         <name>.cinit:_uox</name>
         <load_address>0x90452</load_address>
         <run_address>0x90452</run_address>
         <size>0x9</size>
         <input_file_ref idref="fl-24"/>
      </object_component>
      <object_component id="oc-212">
         <name>.cinit</name>
         <load_address>0x9045b</load_address>
         <run_address>0x9045b</run_address>
         <size>0x8</size>
         <input_file_ref idref="fl-2c"/>
      </object_component>
      <object_component id="oc-122">
         <name>.cinit:_CAN_R</name>
         <load_address>0x90463</load_address>
         <run_address>0x90463</run_address>
         <size>0x7</size>
         <input_file_ref idref="fl-d"/>
      </object_component>
      <object_component id="oc-3e4">
         <name>.cinit:_CAN_RX_FrameResolutionFunc</name>
         <load_address>0x9046a</load_address>
         <run_address>0x9046a</run_address>
         <size>0x7</size>
         <input_file_ref idref="fl-1e"/>
      </object_component>
      <object_component id="oc-3c2">
         <name>.cinit:_Io_Ref</name>
         <load_address>0x90471</load_address>
         <run_address>0x90471</run_address>
         <size>0x7</size>
         <input_file_ref idref="fl-24"/>
      </object_component>
      <object_component id="oc-3f9">
         <name>.cinit:_MBbuf</name>
         <load_address>0x90478</load_address>
         <run_address>0x90478</run_address>
         <size>0x7</size>
         <input_file_ref idref="fl-2a"/>
      </object_component>
      <object_component id="oc-383">
         <name>.cinit:_W5500_secondClientDlyCnt</name>
         <load_address>0x9047f</load_address>
         <run_address>0x9047f</run_address>
         <size>0x7</size>
         <input_file_ref idref="fl-28"/>
      </object_component>
      <object_component id="oc-3f4">
         <name>.cinit:_testmsg</name>
         <load_address>0x90486</load_address>
         <run_address>0x90486</run_address>
         <size>0x7</size>
         <input_file_ref idref="fl-2c"/>
      </object_component>
      <object_component id="oc-15b">
         <name>.cinit</name>
         <load_address>0x9048d</load_address>
         <run_address>0x9048d</run_address>
         <size>0x5</size>
         <input_file_ref idref="fl-e"/>
      </object_component>
      <object_component id="oc-177">
         <name>.cinit</name>
         <load_address>0x90492</load_address>
         <run_address>0x90492</run_address>
         <size>0x5</size>
         <input_file_ref idref="fl-15"/>
      </object_component>
      <object_component id="oc-385">
         <name>.cinit:_W5500_secondDlyCnt</name>
         <load_address>0x90497</load_address>
         <run_address>0x90497</run_address>
         <size>0x5</size>
         <input_file_ref idref="fl-28"/>
      </object_component>
      <object_component id="oc-37b">
         <name>.cinit:__lock</name>
         <load_address>0x9049c</load_address>
         <run_address>0x9049c</run_address>
         <size>0x5</size>
         <input_file_ref idref="fl-5f"/>
      </object_component>
      <object_component id="oc-3cc">
         <name>.cinit:__unlock</name>
         <load_address>0x904a1</load_address>
         <run_address>0x904a1</run_address>
         <size>0x5</size>
         <input_file_ref idref="fl-5f"/>
      </object_component>
      <object_component id="oc-3f2">
         <name>.cinit:_modbusMasterReturnFrame</name>
         <load_address>0x904a6</load_address>
         <run_address>0x904a6</run_address>
         <size>0x5</size>
         <input_file_ref idref="fl-2c"/>
      </object_component>
      <object_component id="oc-206">
         <name>.cinit</name>
         <load_address>0x904ab</load_address>
         <run_address>0x904ab</run_address>
         <size>0x5</size>
         <input_file_ref idref="fl-2a"/>
      </object_component>
      <object_component id="oc-1f7">
         <name>.cinit</name>
         <load_address>0x904b0</load_address>
         <run_address>0x904b0</run_address>
         <size>0x5</size>
         <input_file_ref idref="fl-28"/>
      </object_component>
      <object_component id="oc-3aa">
         <name>.cinit:_CAN_RXBuff</name>
         <load_address>0x904b5</load_address>
         <run_address>0x904b5</run_address>
         <size>0x4</size>
         <input_file_ref idref="fl-c"/>
      </object_component>
      <object_component id="oc-402">
         <name>.cinit:_CAN_TXBuff</name>
         <load_address>0x904b9</load_address>
         <run_address>0x904b9</run_address>
         <size>0x4</size>
         <input_file_ref idref="fl-c"/>
      </object_component>
      <object_component id="oc-3dd">
         <name>.cinit:_CAN_TX_CMD_FrameFuncTXBuff</name>
         <load_address>0x904bd</load_address>
         <run_address>0x904bd</run_address>
         <size>0x4</size>
         <input_file_ref idref="fl-c"/>
      </object_component>
      <object_component id="oc-3a5">
         <name>.cinit:_UART_TX_DlyCnt</name>
         <load_address>0x904c1</load_address>
         <run_address>0x904c1</run_address>
         <size>0x4</size>
         <input_file_ref idref="fl-37"/>
      </object_component>
      <object_component id="oc-387">
         <name>.cinit:_W5500_Status</name>
         <load_address>0x904c5</load_address>
         <run_address>0x904c5</run_address>
         <size>0x4</size>
         <input_file_ref idref="fl-28"/>
      </object_component>
      <object_component id="oc-3ff">
         <name>.cinit:_bootSendBuf</name>
         <load_address>0x904c9</load_address>
         <run_address>0x904c9</run_address>
         <size>0x4</size>
         <input_file_ref idref="fl-a"/>
      </object_component>
      <object_component id="oc-3fc">
         <name>.cinit:_bootTemp</name>
         <load_address>0x904cd</load_address>
         <run_address>0x904cd</run_address>
         <size>0x4</size>
         <input_file_ref idref="fl-a"/>
      </object_component>
      <object_component id="oc-3a7">
         <name>.cinit:_sendbuf</name>
         <load_address>0x904d1</load_address>
         <run_address>0x904d1</run_address>
         <size>0x4</size>
         <input_file_ref idref="fl-22"/>
      </object_component>
      <object_component id="oc-1b7">
         <name>.cinit</name>
         <load_address>0x904d5</load_address>
         <run_address>0x904d5</run_address>
         <size>0x4</size>
         <input_file_ref idref="fl-21"/>
      </object_component>
      <object_component id="oc-2d5">
         <name>.cinit</name>
         <load_address>0x904d9</load_address>
         <run_address>0x904d9</run_address>
         <size>0x4</size>
         <input_file_ref idref="fl-61"/>
      </object_component>
      <object_component id="oc-3db">
         <name>.text</name>
         <load_address>0x84008</load_address>
         <run_address>0x84008</run_address>
         <size>0x1092</size>
         <input_file_ref idref="fl-d"/>
      </object_component>
      <object_component id="oc-3cd">
         <name>.text</name>
         <load_address>0x8509a</load_address>
         <run_address>0x8509a</run_address>
         <size>0xed6</size>
         <input_file_ref idref="fl-16"/>
      </object_component>
      <object_component id="oc-371">
         <name>.text</name>
         <load_address>0x85f70</load_address>
         <run_address>0x85f70</run_address>
         <size>0xc7c</size>
         <input_file_ref idref="fl-28"/>
      </object_component>
      <object_component id="oc-377">
         <name>.text</name>
         <load_address>0x86bec</load_address>
         <run_address>0x86bec</run_address>
         <size>0x92f</size>
         <input_file_ref idref="fl-24"/>
      </object_component>
      <object_component id="oc-3a1">
         <name>.text</name>
         <load_address>0x8751b</load_address>
         <run_address>0x8751b</run_address>
         <size>0x8f8</size>
         <input_file_ref idref="fl-2c"/>
      </object_component>
      <object_component id="oc-3d9">
         <name>.text</name>
         <load_address>0x87e13</load_address>
         <run_address>0x87e13</run_address>
         <size>0x8e0</size>
         <input_file_ref idref="fl-15"/>
      </object_component>
      <object_component id="oc-376">
         <name>.text</name>
         <load_address>0x886f3</load_address>
         <run_address>0x886f3</run_address>
         <size>0x6fb</size>
         <input_file_ref idref="fl-33"/>
      </object_component>
      <object_component id="oc-3ca">
         <name>.text</name>
         <load_address>0x88dee</load_address>
         <run_address>0x88dee</run_address>
         <size>0x6c8</size>
         <input_file_ref idref="fl-2f"/>
      </object_component>
      <object_component id="oc-3a3">
         <name>.text</name>
         <load_address>0x894b6</load_address>
         <run_address>0x894b6</run_address>
         <size>0x6aa</size>
         <input_file_ref idref="fl-a"/>
      </object_component>
      <object_component id="oc-3c5">
         <name>.text</name>
         <load_address>0x89b60</load_address>
         <run_address>0x89b60</run_address>
         <size>0x5d2</size>
         <input_file_ref idref="fl-27"/>
      </object_component>
      <object_component id="oc-b0">
         <name>.text:retain</name>
         <load_address>0x8a132</load_address>
         <run_address>0x8a132</run_address>
         <size>0x585</size>
         <input_file_ref idref="fl-3"/>
      </object_component>
      <object_component id="oc-37e">
         <name>.text</name>
         <load_address>0x8a6b7</load_address>
         <run_address>0x8a6b7</run_address>
         <size>0x4cf</size>
         <input_file_ref idref="fl-1e"/>
      </object_component>
      <object_component id="oc-3c6">
         <name>.text</name>
         <load_address>0x8ab86</load_address>
         <run_address>0x8ab86</run_address>
         <size>0x45e</size>
         <input_file_ref idref="fl-23"/>
      </object_component>
      <object_component id="oc-374">
         <name>.text</name>
         <load_address>0x8afe4</load_address>
         <run_address>0x8afe4</run_address>
         <size>0x452</size>
         <input_file_ref idref="fl-37"/>
      </object_component>
      <object_component id="oc-37f">
         <name>.text</name>
         <load_address>0x8b436</load_address>
         <run_address>0x8b436</run_address>
         <size>0x3fe</size>
         <input_file_ref idref="fl-3a"/>
      </object_component>
      <object_component id="oc-388">
         <name>.text</name>
         <load_address>0x8b834</load_address>
         <run_address>0x8b834</run_address>
         <size>0x3d4</size>
         <input_file_ref idref="fl-34"/>
      </object_component>
      <object_component id="oc-39d">
         <name>.text</name>
         <load_address>0x8bc08</load_address>
         <run_address>0x8bc08</run_address>
         <size>0x382</size>
         <input_file_ref idref="fl-29"/>
      </object_component>
      <object_component id="oc-3d6">
         <name>.text</name>
         <load_address>0x8bf8a</load_address>
         <run_address>0x8bf8a</run_address>
         <size>0x365</size>
         <input_file_ref idref="fl-f"/>
      </object_component>
      <object_component id="oc-37d">
         <name>.text</name>
         <load_address>0x8c2ef</load_address>
         <run_address>0x8c2ef</run_address>
         <size>0x2d5</size>
         <input_file_ref idref="fl-e"/>
      </object_component>
      <object_component id="oc-3d8">
         <name>.text</name>
         <load_address>0x8c5c4</load_address>
         <run_address>0x8c5c4</run_address>
         <size>0x2c6</size>
         <input_file_ref idref="fl-18"/>
      </object_component>
      <object_component id="oc-3a2">
         <name>.text</name>
         <load_address>0x8c88a</load_address>
         <run_address>0x8c88a</run_address>
         <size>0x2a0</size>
         <input_file_ref idref="fl-2a"/>
      </object_component>
      <object_component id="oc-408">
         <name>.text</name>
         <load_address>0x8cb2a</load_address>
         <run_address>0x8cb2a</run_address>
         <size>0x293</size>
         <input_file_ref idref="fl-39"/>
      </object_component>
      <object_component id="oc-3da">
         <name>.text</name>
         <load_address>0x8cdbd</load_address>
         <run_address>0x8cdbd</run_address>
         <size>0x288</size>
         <input_file_ref idref="fl-10"/>
      </object_component>
      <object_component id="oc-373">
         <name>.text</name>
         <load_address>0x8d045</load_address>
         <run_address>0x8d045</run_address>
         <size>0x284</size>
         <input_file_ref idref="fl-35"/>
      </object_component>
      <object_component id="oc-3e7">
         <name>.text:_SysCtl_setClock</name>
         <load_address>0x8d2c9</load_address>
         <run_address>0x8d2c9</run_address>
         <size>0x209</size>
         <input_file_ref idref="fl-49"/>
      </object_component>
      <object_component id="oc-370">
         <name>.text</name>
         <load_address>0x8d4d2</load_address>
         <run_address>0x8d4d2</run_address>
         <size>0x1f6</size>
         <input_file_ref idref="fl-25"/>
      </object_component>
      <object_component id="oc-3d7">
         <name>.text</name>
         <load_address>0x8d6c8</load_address>
         <run_address>0x8d6c8</run_address>
         <size>0x1b4</size>
         <input_file_ref idref="fl-13"/>
      </object_component>
      <object_component id="oc-372">
         <name>.text</name>
         <load_address>0x8d87c</load_address>
         <run_address>0x8d87c</run_address>
         <size>0x184</size>
         <input_file_ref idref="fl-36"/>
      </object_component>
      <object_component id="oc-3ac">
         <name>.text</name>
         <load_address>0x8da00</load_address>
         <run_address>0x8da00</run_address>
         <size>0x12b</size>
         <input_file_ref idref="fl-55"/>
      </object_component>
      <object_component id="oc-375">
         <name>.text</name>
         <load_address>0x8db2b</load_address>
         <run_address>0x8db2b</run_address>
         <size>0x123</size>
         <input_file_ref idref="fl-22"/>
      </object_component>
      <object_component id="oc-39e">
         <name>.text</name>
         <load_address>0x8dc4e</load_address>
         <run_address>0x8dc4e</run_address>
         <size>0x11b</size>
         <input_file_ref idref="fl-38"/>
      </object_component>
      <object_component id="oc-3bf">
         <name>.text</name>
         <load_address>0x8dd69</load_address>
         <run_address>0x8dd69</run_address>
         <size>0x115</size>
         <input_file_ref idref="fl-20"/>
      </object_component>
      <object_component id="oc-307">
         <name>.text</name>
         <load_address>0x8de7e</load_address>
         <run_address>0x8de7e</run_address>
         <size>0x107</size>
         <input_file_ref idref="fl-6b"/>
      </object_component>
      <object_component id="oc-3a8">
         <name>.text</name>
         <load_address>0x8df85</load_address>
         <run_address>0x8df85</run_address>
         <size>0x101</size>
         <input_file_ref idref="fl-c"/>
      </object_component>
      <object_component id="oc-41d">
         <name>.text:_CAN_setupMessageObject</name>
         <load_address>0x8e086</load_address>
         <run_address>0x8e086</run_address>
         <size>0xdb</size>
         <input_file_ref idref="fl-45"/>
      </object_component>
      <object_component id="oc-231">
         <name>.text:retain</name>
         <load_address>0x8e161</load_address>
         <run_address>0x8e161</run_address>
         <size>0xc3</size>
         <input_file_ref idref="fl-31"/>
      </object_component>
      <object_component id="oc-403">
         <name>.text</name>
         <load_address>0x8e224</load_address>
         <run_address>0x8e224</run_address>
         <size>0xc1</size>
         <input_file_ref idref="fl-b"/>
      </object_component>
      <object_component id="oc-3c0">
         <name>.text</name>
         <load_address>0x8e2e5</load_address>
         <run_address>0x8e2e5</run_address>
         <size>0xbe</size>
         <input_file_ref idref="fl-21"/>
      </object_component>
      <object_component id="oc-356">
         <name>.text</name>
         <load_address>0x8e3a3</load_address>
         <run_address>0x8e3a3</run_address>
         <size>0x9c</size>
         <input_file_ref idref="fl-7b"/>
      </object_component>
      <object_component id="oc-434">
         <name>.text:_SysCtl_selectXTAL</name>
         <load_address>0x8e43f</load_address>
         <run_address>0x8e43f</run_address>
         <size>0x90</size>
         <input_file_ref idref="fl-49"/>
      </object_component>
      <object_component id="oc-31b">
         <name>.text</name>
         <load_address>0x8e4cf</load_address>
         <run_address>0x8e4cf</run_address>
         <size>0x8b</size>
         <input_file_ref idref="fl-6f"/>
      </object_component>
      <object_component id="oc-2a5">
         <name>.text</name>
         <load_address>0x8e55a</load_address>
         <run_address>0x8e55a</run_address>
         <size>0x88</size>
         <input_file_ref idref="fl-58"/>
      </object_component>
      <object_component id="oc-2e4">
         <name>.text</name>
         <load_address>0x8e5e2</load_address>
         <run_address>0x8e5e2</run_address>
         <size>0x83</size>
         <input_file_ref idref="fl-64"/>
      </object_component>
      <object_component id="oc-41e">
         <name>.text:_CAN_sendMessage</name>
         <load_address>0x8e665</load_address>
         <run_address>0x8e665</run_address>
         <size>0x72</size>
         <input_file_ref idref="fl-45"/>
      </object_component>
      <object_component id="oc-3e6">
         <name>.text:_SysCtl_getDeviceParametric</name>
         <load_address>0x8e6d7</load_address>
         <run_address>0x8e6d7</run_address>
         <size>0x68</size>
         <input_file_ref idref="fl-49"/>
      </object_component>
      <object_component id="oc-41c">
         <name>.text:_CAN_setBitTiming</name>
         <load_address>0x8e73f</load_address>
         <run_address>0x8e73f</run_address>
         <size>0x64</size>
         <input_file_ref idref="fl-45"/>
      </object_component>
      <object_component id="oc-36f">
         <name>.text</name>
         <load_address>0x8e7a3</load_address>
         <run_address>0x8e7a3</run_address>
         <size>0x62</size>
         <input_file_ref idref="fl-1c"/>
      </object_component>
      <object_component id="oc-a8">
         <name>.text</name>
         <load_address>0x8e805</load_address>
         <run_address>0x8e805</run_address>
         <size>0x56</size>
         <input_file_ref idref="fl-57"/>
      </object_component>
      <object_component id="oc-407">
         <name>.text:_GPIO_setPadConfig</name>
         <load_address>0x8e85b</load_address>
         <run_address>0x8e85b</run_address>
         <size>0x52</size>
         <input_file_ref idref="fl-47"/>
      </object_component>
      <object_component id="oc-3e8">
         <name>.text:_SysCtl_getClock</name>
         <load_address>0x8e8ad</load_address>
         <run_address>0x8e8ad</run_address>
         <size>0x51</size>
         <input_file_ref idref="fl-49"/>
      </object_component>
      <object_component id="oc-42b">
         <name>.text:_SysCtl_selectOscSource</name>
         <load_address>0x8e8fe</load_address>
         <run_address>0x8e8fe</run_address>
         <size>0x48</size>
         <input_file_ref idref="fl-49"/>
      </object_component>
      <object_component id="oc-379">
         <name>.text</name>
         <load_address>0x8e946</load_address>
         <run_address>0x8e946</run_address>
         <size>0x40</size>
         <input_file_ref idref="fl-32"/>
      </object_component>
      <object_component id="oc-3c7">
         <name>.text:_Interrupt_initModule</name>
         <load_address>0x8e986</load_address>
         <run_address>0x8e986</run_address>
         <size>0x3d</size>
         <input_file_ref idref="fl-48"/>
      </object_component>
      <object_component id="oc-3fd">
         <name>.text</name>
         <load_address>0x8e9c3</load_address>
         <run_address>0x8e9c3</run_address>
         <size>0x3a</size>
         <input_file_ref idref="fl-1b"/>
      </object_component>
      <object_component id="oc-3ed">
         <name>.text:_GPIO_setControllerCore</name>
         <load_address>0x8e9fd</load_address>
         <run_address>0x8e9fd</run_address>
         <size>0x37</size>
         <input_file_ref idref="fl-47"/>
      </object_component>
      <object_component id="oc-3ec">
         <name>.text:_GPIO_setPinConfig</name>
         <load_address>0x8ea34</load_address>
         <run_address>0x8ea34</run_address>
         <size>0x37</size>
         <input_file_ref idref="fl-47"/>
      </object_component>
      <object_component id="oc-3eb">
         <name>.text:_GPIO_setQualificationMode</name>
         <load_address>0x8ea6b</load_address>
         <run_address>0x8ea6b</run_address>
         <size>0x37</size>
         <input_file_ref idref="fl-47"/>
      </object_component>
      <object_component id="oc-404">
         <name>.text:_Interrupt_enable</name>
         <load_address>0x8eaa2</load_address>
         <run_address>0x8eaa2</run_address>
         <size>0x37</size>
         <input_file_ref idref="fl-48"/>
      </object_component>
      <object_component id="oc-3ea">
         <name>.text:_GPIO_setDirectionMode</name>
         <load_address>0x8ead9</load_address>
         <run_address>0x8ead9</run_address>
         <size>0x31</size>
         <input_file_ref idref="fl-47"/>
      </object_component>
      <object_component id="oc-3f0">
         <name>.text</name>
         <load_address>0x8eb0a</load_address>
         <run_address>0x8eb0a</run_address>
         <size>0x2a</size>
         <input_file_ref idref="fl-2b"/>
      </object_component>
      <object_component id="oc-2df">
         <name>.text</name>
         <load_address>0x8eb34</load_address>
         <run_address>0x8eb34</run_address>
         <size>0x2a</size>
         <input_file_ref idref="fl-63"/>
      </object_component>
      <object_component id="oc-35b">
         <name>.text</name>
         <load_address>0x8eb5e</load_address>
         <run_address>0x8eb5e</run_address>
         <size>0x2a</size>
         <input_file_ref idref="fl-7c"/>
      </object_component>
      <object_component id="oc-369">
         <name>.text</name>
         <load_address>0x8eb88</load_address>
         <run_address>0x8eb88</run_address>
         <size>0x29</size>
         <input_file_ref idref="fl-5e"/>
      </object_component>
      <object_component id="oc-438">
         <name>.text:_CPUTimer_selectClockSource</name>
         <load_address>0x8ebb1</load_address>
         <run_address>0x8ebb1</run_address>
         <size>0x28</size>
         <input_file_ref idref="fl-49"/>
      </object_component>
      <object_component id="oc-421">
         <name>.text:_Flash_setBankPowerUpDelay</name>
         <load_address>0x8ebd9</load_address>
         <run_address>0x8ebd9</run_address>
         <size>0x26</size>
         <input_file_ref idref="fl-46"/>
      </object_component>
      <object_component id="oc-366">
         <name>.text</name>
         <load_address>0x8ebff</load_address>
         <run_address>0x8ebff</run_address>
         <size>0x24</size>
         <input_file_ref idref="fl-5a"/>
      </object_component>
      <object_component id="oc-433">
         <name>.text:_CAN_writeDataReg</name>
         <load_address>0x8ec23</load_address>
         <run_address>0x8ec23</run_address>
         <size>0x22</size>
         <input_file_ref idref="fl-45"/>
      </object_component>
      <object_component id="oc-2f3">
         <name>.text</name>
         <load_address>0x8ec45</load_address>
         <run_address>0x8ec45</run_address>
         <size>0x21</size>
         <input_file_ref idref="fl-67"/>
      </object_component>
      <object_component id="oc-43e">
         <name>.text:_CPUTimer_getTimerOverflowStatus</name>
         <load_address>0x8ec66</load_address>
         <run_address>0x8ec66</run_address>
         <size>0x1f</size>
         <input_file_ref idref="fl-49"/>
      </object_component>
      <object_component id="oc-2f8">
         <name>.text</name>
         <load_address>0x8ec85</load_address>
         <run_address>0x8ec85</run_address>
         <size>0x1f</size>
         <input_file_ref idref="fl-68"/>
      </object_component>
      <object_component id="oc-3c8">
         <name>.text:_Interrupt_initVectorTable</name>
         <load_address>0x8eca4</load_address>
         <run_address>0x8eca4</run_address>
         <size>0x1e</size>
         <input_file_ref idref="fl-48"/>
      </object_component>
      <object_component id="oc-302">
         <name>.text</name>
         <load_address>0x8ecc2</load_address>
         <run_address>0x8ecc2</run_address>
         <size>0x1e</size>
         <input_file_ref idref="fl-6a"/>
      </object_component>
      <object_component id="oc-30c">
         <name>.text</name>
         <load_address>0x8ece0</load_address>
         <run_address>0x8ece0</run_address>
         <size>0x1d</size>
         <input_file_ref idref="fl-6c"/>
      </object_component>
      <object_component id="oc-378">
         <name>.text</name>
         <load_address>0x8ecfd</load_address>
         <run_address>0x8ecfd</run_address>
         <size>0x1d</size>
         <input_file_ref idref="fl-5b"/>
      </object_component>
      <object_component id="oc-316">
         <name>.text</name>
         <load_address>0x8ed1a</load_address>
         <run_address>0x8ed1a</run_address>
         <size>0x1c</size>
         <input_file_ref idref="fl-6e"/>
      </object_component>
      <object_component id="oc-311">
         <name>.text</name>
         <load_address>0x8ed36</load_address>
         <run_address>0x8ed36</run_address>
         <size>0x1c</size>
         <input_file_ref idref="fl-6d"/>
      </object_component>
      <object_component id="oc-43a">
         <name>.text:_CPUTimer_startTimer</name>
         <load_address>0x8ed52</load_address>
         <run_address>0x8ed52</run_address>
         <size>0x1a</size>
         <input_file_ref idref="fl-49"/>
      </object_component>
      <object_component id="oc-3e9">
         <name>.text:_SysCtl_getLowSpeedClock</name>
         <load_address>0x8ed6c</load_address>
         <run_address>0x8ed6c</run_address>
         <size>0x1a</size>
         <input_file_ref idref="fl-49"/>
      </object_component>
      <object_component id="oc-2fd">
         <name>.text</name>
         <load_address>0x8ed86</load_address>
         <run_address>0x8ed86</run_address>
         <size>0x18</size>
         <input_file_ref idref="fl-69"/>
      </object_component>
      <object_component id="oc-43d">
         <name>.text:_CPUTimer_isBaseValid</name>
         <load_address>0x8ed9e</load_address>
         <run_address>0x8ed9e</run_address>
         <size>0x17</size>
         <input_file_ref idref="fl-49"/>
      </object_component>
      <object_component id="oc-285">
         <name>.text:_Interrupt_defaultHandler</name>
         <load_address>0x8edb5</load_address>
         <run_address>0x8edb5</run_address>
         <size>0x16</size>
         <input_file_ref idref="fl-48"/>
      </object_component>
      <object_component id="oc-432">
         <name>.text:_CAN_isBaseValid</name>
         <load_address>0x8edcb</load_address>
         <run_address>0x8edcb</run_address>
         <size>0x15</size>
         <input_file_ref idref="fl-45"/>
      </object_component>
      <object_component id="oc-436">
         <name>.text:_CPUTimer_stopTimer</name>
         <load_address>0x8ede0</load_address>
         <run_address>0x8ede0</run_address>
         <size>0x14</size>
         <input_file_ref idref="fl-49"/>
      </object_component>
      <object_component id="oc-439">
         <name>.text:_CPUTimer_clearOverflowFlag</name>
         <load_address>0x8edf4</load_address>
         <run_address>0x8edf4</run_address>
         <size>0x12</size>
         <input_file_ref idref="fl-49"/>
      </object_component>
      <object_component id="oc-435">
         <name>.text:_CPUTimer_disableInterrupt</name>
         <load_address>0x8ee06</load_address>
         <run_address>0x8ee06</run_address>
         <size>0x12</size>
         <input_file_ref idref="fl-49"/>
      </object_component>
      <object_component id="oc-368">
         <name>.text</name>
         <load_address>0x8ee18</load_address>
         <run_address>0x8ee18</run_address>
         <size>0x12</size>
         <input_file_ref idref="fl-60"/>
      </object_component>
      <object_component id="oc-437">
         <name>.text:_CPUTimer_setPeriod</name>
         <load_address>0x8ee2a</load_address>
         <run_address>0x8ee2a</run_address>
         <size>0x11</size>
         <input_file_ref idref="fl-49"/>
      </object_component>
      <object_component id="oc-41f">
         <name>.text:_Flash_isCtrlBaseValid</name>
         <load_address>0x8ee3b</load_address>
         <run_address>0x8ee3b</run_address>
         <size>0x10</size>
         <input_file_ref idref="fl-46"/>
      </object_component>
      <object_component id="oc-420">
         <name>.text:_Flash_isECCBaseValid</name>
         <load_address>0x8ee4b</load_address>
         <run_address>0x8ee4b</run_address>
         <size>0x10</size>
         <input_file_ref idref="fl-46"/>
      </object_component>
      <object_component id="oc-43b">
         <name>.text:_SysCtl_pollCpuTimer</name>
         <load_address>0x8ee5b</load_address>
         <run_address>0x8ee5b</run_address>
         <size>0xf</size>
         <input_file_ref idref="fl-49"/>
      </object_component>
      <object_component id="oc-42d">
         <name>.text:_GPIO_isPinValid</name>
         <load_address>0x8ee6a</load_address>
         <run_address>0x8ee6a</run_address>
         <size>0xe</size>
         <input_file_ref idref="fl-47"/>
      </object_component>
      <object_component id="oc-2ee">
         <name>.text</name>
         <load_address>0x8ee78</load_address>
         <run_address>0x8ee78</run_address>
         <size>0xe</size>
         <input_file_ref idref="fl-66"/>
      </object_component>
      <object_component id="oc-406">
         <name>.text:_Interrupt_disableGlobal</name>
         <load_address>0x8ee86</load_address>
         <run_address>0x8ee86</run_address>
         <size>0xd</size>
         <input_file_ref idref="fl-48"/>
      </object_component>
      <object_component id="oc-431">
         <name>.text:_Interrupt_enableGlobal</name>
         <load_address>0x8ee93</load_address>
         <run_address>0x8ee93</run_address>
         <size>0xd</size>
         <input_file_ref idref="fl-48"/>
      </object_component>
      <object_component id="oc-42a">
         <name>.text:_SysCtl_isMCDClockFailureDetected</name>
         <load_address>0x8eea0</load_address>
         <run_address>0x8eea0</run_address>
         <size>0xb</size>
         <input_file_ref idref="fl-49"/>
      </object_component>
      <object_component id="oc-2aa">
         <name>.text</name>
         <load_address>0x8eeab</load_address>
         <run_address>0x8eeab</run_address>
         <size>0xb</size>
         <input_file_ref idref="fl-59"/>
      </object_component>
      <object_component id="oc-286">
         <name>.text:_Interrupt_illegalOperationHandler</name>
         <load_address>0x8eeb6</load_address>
         <run_address>0x8eeb6</run_address>
         <size>0xa</size>
         <input_file_ref idref="fl-48"/>
      </object_component>
      <object_component id="oc-287">
         <name>.text:_Interrupt_nmiHandler</name>
         <load_address>0x8eec0</load_address>
         <run_address>0x8eec0</run_address>
         <size>0xa</size>
         <input_file_ref idref="fl-48"/>
      </object_component>
      <object_component id="oc-42c">
         <name>.text:_SysCtl_serviceWatchdog</name>
         <load_address>0x8eeca</load_address>
         <run_address>0x8eeca</run_address>
         <size>0x9</size>
         <input_file_ref idref="fl-49"/>
      </object_component>
      <object_component id="oc-3cb">
         <name>.text</name>
         <load_address>0x8eed3</load_address>
         <run_address>0x8eed3</run_address>
         <size>0x9</size>
         <input_file_ref idref="fl-5f"/>
      </object_component>
      <object_component id="oc-2e9">
         <name>.text</name>
         <load_address>0x8eedc</load_address>
         <run_address>0x8eedc</run_address>
         <size>0x9</size>
         <input_file_ref idref="fl-65"/>
      </object_component>
      <object_component id="oc-a9">
         <name>.text</name>
         <load_address>0x8eee5</load_address>
         <run_address>0x8eee5</run_address>
         <size>0x8</size>
         <input_file_ref idref="fl-2"/>
      </object_component>
      <object_component id="oc-43c">
         <name>.text:_SysCtl_resetMCD</name>
         <load_address>0x8eeed</load_address>
         <run_address>0x8eeed</run_address>
         <size>0x7</size>
         <input_file_ref idref="fl-49"/>
      </object_component>
      <object_component id="oc-3c9">
         <name>.text</name>
         <load_address>0x8eef4</load_address>
         <run_address>0x8eef4</run_address>
         <size>0x6</size>
         <input_file_ref idref="fl-2d"/>
      </object_component>
      <object_component id="oc-365">
         <name>.text</name>
         <load_address>0x8eefa</load_address>
         <run_address>0x8eefa</run_address>
         <size>0x2</size>
         <input_file_ref idref="fl-5c"/>
      </object_component>
      <object_component id="oc-367">
         <name>.text</name>
         <load_address>0x8eefc</load_address>
         <run_address>0x8eefc</run_address>
         <size>0x1</size>
         <input_file_ref idref="fl-5d"/>
      </object_component>
      <object_component id="oc-aa">
         <name>codestart</name>
         <load_address>0x84000</load_address>
         <run_address>0x84000</run_address>
         <size>0x2</size>
         <input_file_ref idref="fl-2"/>
      </object_component>
      <object_component id="oc-29f">
         <name>.stack</name>
         <uninitialized>true</uninitialized>
         <run_address>0x400</run_address>
         <size>0x0</size>
         <input_file_ref idref="fl-57"/>
      </object_component>
      <object_component id="oc-4ec">
         <name>.stack</name>
         <uninitialized>true</uninitialized>
         <run_address>0x400</run_address>
         <size>0x0</size>
      </object_component>
      <object_component id="oc-405">
         <name>.switch:_RecoderFrameReturnPtr</name>
         <load_address>0x904e0</load_address>
         <run_address>0x904e0</run_address>
         <size>0x54</size>
         <input_file_ref idref="fl-23"/>
      </object_component>
      <object_component id="oc-3fa">
         <name>.switch:_DebugConfigFrameAnalytic</name>
         <load_address>0x90534</load_address>
         <run_address>0x90534</run_address>
         <size>0x42</size>
         <input_file_ref idref="fl-2a"/>
      </object_component>
      <object_component id="oc-3f5">
         <name>.switch:_modbus03MasterFrameResolution</name>
         <load_address>0x90576</load_address>
         <run_address>0x90576</run_address>
         <size>0x2c</size>
         <input_file_ref idref="fl-2c"/>
      </object_component>
      <object_component id="oc-3f7">
         <name>.switch:_modbus10MasterFrameResolution</name>
         <load_address>0x905a2</load_address>
         <run_address>0x905a2</run_address>
         <size>0x2a</size>
         <input_file_ref idref="fl-2c"/>
      </object_component>
      <object_component id="oc-3f6">
         <name>.switch:_modbus05MasterFrameResolution</name>
         <load_address>0x905cc</load_address>
         <run_address>0x905cc</run_address>
         <size>0x28</size>
         <input_file_ref idref="fl-2c"/>
      </object_component>
      <object_component id="oc-380">
         <name>.switch:_readDiValue</name>
         <load_address>0x905f4</load_address>
         <run_address>0x905f4</run_address>
         <size>0x20</size>
         <input_file_ref idref="fl-25"/>
      </object_component>
      <object_component id="oc-381">
         <name>.switch:_writeDoReg</name>
         <load_address>0x90614</load_address>
         <run_address>0x90614</run_address>
         <size>0x20</size>
         <input_file_ref idref="fl-25"/>
      </object_component>
      <object_component id="oc-400">
         <name>.switch:_BootLoaderReadFlashToComplateCRC</name>
         <load_address>0x90634</load_address>
         <run_address>0x90634</run_address>
         <size>0x1a</size>
         <input_file_ref idref="fl-a"/>
      </object_component>
      <object_component id="oc-2a0">
         <name>.reset</name>
         <load_address>0x3fffc0</load_address>
         <run_address>0x3fffc0</run_address>
         <size>0x2</size>
         <input_file_ref idref="fl-57"/>
      </object_component>
      <object_component id="oc-1c7">
         <name>.ebss</name>
         <uninitialized>true</uninitialized>
         <run_address>0xc000</run_address>
         <size>0x1c44</size>
         <input_file_ref idref="fl-23"/>
      </object_component>
      <object_component id="oc-23d">
         <name>.ebss</name>
         <uninitialized>true</uninitialized>
         <run_address>0xdc44</run_address>
         <size>0x3c</size>
         <input_file_ref idref="fl-33"/>
      </object_component>
      <object_component id="oc-1a5">
         <name>.ebss</name>
         <uninitialized>true</uninitialized>
         <run_address>0xdc80</run_address>
         <size>0x3b0</size>
         <input_file_ref idref="fl-1d"/>
      </object_component>
      <object_component id="oc-3e0">
         <name>.ebss:_CanTxBuff</name>
         <uninitialized>true</uninitialized>
         <run_address>0xe030</run_address>
         <size>0x10</size>
         <input_file_ref idref="fl-1e"/>
      </object_component>
      <object_component id="oc-3d1">
         <name>.ebss:_COO_SDO_ODExtensions</name>
         <uninitialized>true</uninitialized>
         <run_address>0xe040</run_address>
         <size>0x144</size>
         <input_file_ref idref="fl-e"/>
      </object_component>
      <object_component id="oc-3d2">
         <name>.ebss:_COO_RPDO</name>
         <uninitialized>true</uninitialized>
         <run_address>0xe184</run_address>
         <size>0x3a</size>
         <input_file_ref idref="fl-e"/>
      </object_component>
      <object_component id="oc-1e9">
         <name>.ebss</name>
         <uninitialized>true</uninitialized>
         <run_address>0xe1be</run_address>
         <size>0x2</size>
         <input_file_ref idref="fl-26"/>
      </object_component>
      <object_component id="oc-15c">
         <name>.ebss</name>
         <uninitialized>true</uninitialized>
         <run_address>0xe1c0</run_address>
         <size>0x120</size>
         <input_file_ref idref="fl-e"/>
      </object_component>
      <object_component id="oc-399">
         <name>.ebss:_server_ip</name>
         <uninitialized>true</uninitialized>
         <run_address>0xe2e0</run_address>
         <size>0x20</size>
         <input_file_ref idref="fl-28"/>
      </object_component>
      <object_component id="oc-3fb">
         <name>.ebss:_bootTemp</name>
         <uninitialized>true</uninitialized>
         <run_address>0xe300</run_address>
         <size>0x100</size>
         <input_file_ref idref="fl-a"/>
      </object_component>
      <object_component id="oc-3d3">
         <name>.ebss:_COO_TPDO</name>
         <uninitialized>true</uninitialized>
         <run_address>0xe400</run_address>
         <size>0xb8</size>
         <input_file_ref idref="fl-e"/>
      </object_component>
      <object_component id="oc-3a9">
         <name>.ebss:_CAN_RXBuff</name>
         <uninitialized>true</uninitialized>
         <run_address>0xe4b8</run_address>
         <size>0x8</size>
         <input_file_ref idref="fl-c"/>
      </object_component>
      <object_component id="oc-1ce">
         <name>.ebss</name>
         <uninitialized>true</uninitialized>
         <run_address>0xe4c0</run_address>
         <size>0x9c</size>
         <input_file_ref idref="fl-24"/>
      </object_component>
      <object_component id="oc-3de">
         <name>.ebss:_rcvMsgBuff</name>
         <uninitialized>true</uninitialized>
         <run_address>0xe55c</run_address>
         <size>0x18</size>
         <input_file_ref idref="fl-1e"/>
      </object_component>
      <object_component id="oc-14f">
         <name>.ebss</name>
         <uninitialized>true</uninitialized>
         <run_address>0xe574</run_address>
         <size>0xc</size>
         <input_file_ref idref="fl-c"/>
      </object_component>
      <object_component id="oc-3cf">
         <name>.ebss:_COO_CANmodule_txArray0</name>
         <uninitialized>true</uninitialized>
         <run_address>0xe580</run_address>
         <size>0x70</size>
         <input_file_ref idref="fl-e"/>
      </object_component>
      <object_component id="oc-36d">
         <name>.ebss:_EPwmxRegs</name>
         <uninitialized>true</uninitialized>
         <run_address>0xe5f0</run_address>
         <size>0x10</size>
         <input_file_ref idref="fl-27"/>
      </object_component>
      <object_component id="oc-3d0">
         <name>.ebss:_COO_SDO</name>
         <uninitialized>true</uninitialized>
         <run_address>0xe600</run_address>
         <size>0x66</size>
         <input_file_ref idref="fl-e"/>
      </object_component>
      <object_component id="oc-1d6">
         <name>.ebss</name>
         <uninitialized>true</uninitialized>
         <run_address>0xe666</run_address>
         <size>0x13</size>
         <input_file_ref idref="fl-25"/>
      </object_component>
      <object_component id="oc-19e">
         <name>.ebss</name>
         <uninitialized>true</uninitialized>
         <run_address>0xe679</run_address>
         <size>0x6</size>
         <input_file_ref idref="fl-1c"/>
      </object_component>
      <object_component id="oc-386">
         <name>.ebss:_W5500_Status</name>
         <uninitialized>true</uninitialized>
         <run_address>0xe67f</run_address>
         <size>0x1</size>
         <input_file_ref idref="fl-28"/>
      </object_component>
      <object_component id="oc-3d4">
         <name>.ebss:_COO_HBcons_monitoredNodes</name>
         <uninitialized>true</uninitialized>
         <run_address>0xe680</run_address>
         <size>0x50</size>
         <input_file_ref idref="fl-e"/>
      </object_component>
      <object_component id="oc-390">
         <name>.ebss:_W5500_ConfigMsg</name>
         <uninitialized>true</uninitialized>
         <run_address>0xe6d0</run_address>
         <size>0x2c</size>
         <input_file_ref idref="fl-28"/>
      </object_component>
      <object_component id="oc-178">
         <name>.ebss</name>
         <uninitialized>true</uninitialized>
         <run_address>0xe6fc</run_address>
         <size>0x4</size>
         <input_file_ref idref="fl-15"/>
      </object_component>
      <object_component id="oc-3ab">
         <name>.ebss:_my_adcContorl</name>
         <uninitialized>true</uninitialized>
         <run_address>0xe700</run_address>
         <size>0x4e</size>
         <input_file_ref idref="fl-33"/>
      </object_component>
      <object_component id="oc-3f1">
         <name>.ebss:_modbusMasterReturnFrame</name>
         <uninitialized>true</uninitialized>
         <run_address>0xe74e</run_address>
         <size>0x2c</size>
         <input_file_ref idref="fl-2c"/>
      </object_component>
      <object_component id="oc-3bd">
         <name>.ebss:_Io</name>
         <uninitialized>true</uninitialized>
         <run_address>0xe77a</run_address>
         <size>0x6</size>
         <input_file_ref idref="fl-24"/>
      </object_component>
      <object_component id="oc-143">
         <name>.ebss</name>
         <uninitialized>true</uninitialized>
         <run_address>0xe780</run_address>
         <size>0x3e</size>
         <input_file_ref idref="fl-a"/>
      </object_component>
      <object_component id="oc-3e2">
         <name>.ebss:_CanExRxFlag</name>
         <uninitialized>true</uninitialized>
         <run_address>0xe7be</run_address>
         <size>0x2</size>
         <input_file_ref idref="fl-1e"/>
      </object_component>
      <object_component id="oc-3ce">
         <name>.ebss:_COO_CANmodule_rxArray0</name>
         <uninitialized>true</uninitialized>
         <run_address>0xe7c0</run_address>
         <size>0x36</size>
         <input_file_ref idref="fl-e"/>
      </object_component>
      <object_component id="oc-401">
         <name>.ebss:_CAN_TXBuff</name>
         <uninitialized>true</uninitialized>
         <run_address>0xe7f6</run_address>
         <size>0x8</size>
         <input_file_ref idref="fl-c"/>
      </object_component>
      <object_component id="oc-3e1">
         <name>.ebss:_CanExTxFlag</name>
         <uninitialized>true</uninitialized>
         <run_address>0xe7fe</run_address>
         <size>0x2</size>
         <input_file_ref idref="fl-1e"/>
      </object_component>
      <object_component id="oc-3ee">
         <name>.ebss:_W5500_RX_FrameResolutionFunc</name>
         <uninitialized>true</uninitialized>
         <run_address>0xe800</run_address>
         <size>0x10</size>
         <input_file_ref idref="fl-29"/>
      </object_component>
      <object_component id="oc-382">
         <name>.ebss:_W5500_secondClientDlyCnt</name>
         <uninitialized>true</uninitialized>
         <run_address>0xe810</run_address>
         <size>0x10</size>
         <input_file_ref idref="fl-28"/>
      </object_component>
      <object_component id="oc-1c0">
         <name>.ebss</name>
         <uninitialized>true</uninitialized>
         <run_address>0xe820</run_address>
         <size>0xe</size>
         <input_file_ref idref="fl-22"/>
      </object_component>
      <object_component id="oc-36c">
         <name>.ebss:_DMAChannel</name>
         <uninitialized>true</uninitialized>
         <run_address>0xe82e</run_address>
         <size>0xc</size>
         <input_file_ref idref="fl-34"/>
      </object_component>
      <object_component id="oc-36b">
         <name>.ebss:_SPI_REG</name>
         <uninitialized>true</uninitialized>
         <run_address>0xe83a</run_address>
         <size>0x6</size>
         <input_file_ref idref="fl-38"/>
      </object_component>
      <object_component id="oc-3dc">
         <name>.ebss:_CAN_TX_CMD_FrameFuncTXBuff</name>
         <uninitialized>true</uninitialized>
         <run_address>0xe840</run_address>
         <size>0x8</size>
         <input_file_ref idref="fl-c"/>
      </object_component>
      <object_component id="oc-36a">
         <name>.ebss:_SCI_R</name>
         <uninitialized>true</uninitialized>
         <run_address>0xe848</run_address>
         <size>0x8</size>
         <input_file_ref idref="fl-37"/>
      </object_component>
      <object_component id="oc-39f">
         <name>.ebss:_UART_RX_FrameResolutionFunc</name>
         <uninitialized>true</uninitialized>
         <run_address>0xe850</run_address>
         <size>0x8</size>
         <input_file_ref idref="fl-37"/>
      </object_component>
      <object_component id="oc-38a">
         <name>.ebss:_W5500_RSIZE</name>
         <uninitialized>true</uninitialized>
         <run_address>0xe858</run_address>
         <size>0x8</size>
         <input_file_ref idref="fl-28"/>
      </object_component>
      <object_component id="oc-389">
         <name>.ebss:_W5500_SSIZE</name>
         <uninitialized>true</uninitialized>
         <run_address>0xe860</run_address>
         <size>0x8</size>
         <input_file_ref idref="fl-28"/>
      </object_component>
      <object_component id="oc-393">
         <name>.ebss:_W5500_rxSize</name>
         <uninitialized>true</uninitialized>
         <run_address>0xe868</run_address>
         <size>0x8</size>
         <input_file_ref idref="fl-28"/>
      </object_component>
      <object_component id="oc-391">
         <name>.ebss:_W5500_txSize</name>
         <uninitialized>true</uninitialized>
         <run_address>0xe870</run_address>
         <size>0x8</size>
         <input_file_ref idref="fl-28"/>
      </object_component>
      <object_component id="oc-3fe">
         <name>.ebss:_bootSendBuf</name>
         <uninitialized>true</uninitialized>
         <run_address>0xe878</run_address>
         <size>0x8</size>
         <input_file_ref idref="fl-a"/>
      </object_component>
      <object_component id="oc-397">
         <name>.ebss:_connect_flag</name>
         <uninitialized>true</uninitialized>
         <run_address>0xe880</run_address>
         <size>0x8</size>
         <input_file_ref idref="fl-28"/>
      </object_component>
      <object_component id="oc-395">
         <name>.ebss:_local_port</name>
         <uninitialized>true</uninitialized>
         <run_address>0xe888</run_address>
         <size>0x8</size>
         <input_file_ref idref="fl-28"/>
      </object_component>
      <object_component id="oc-3a6">
         <name>.ebss:_sendbuf</name>
         <uninitialized>true</uninitialized>
[...]
         <value>0xe8b2</value>
         <object_component_ref idref="oc-253"/>
      </symbol>
      <symbol id="sm-1192">
         <name>_Fram_Read_Data</name>
         <value>0x8d952</value>
         <object_component_ref idref="oc-372"/>
      </symbol>
      <symbol id="sm-1194">
         <name>_FRAM_Write_DisEnable</name>
         <value>0x8d8fd</value>
         <object_component_ref idref="oc-372"/>
      </symbol>
      <symbol id="sm-1196">
         <name>_Fram_contorlTimeCnt</name>
         <value>0x8d8b1</value>
         <object_component_ref idref="oc-372"/>
      </symbol>
      <symbol id="sm-1198">
         <name>_FRAM_Contorl</name>
         <value>0x8d99c</value>
         <object_component_ref idref="oc-372"/>
      </symbol>
      <symbol id="sm-119a">
         <name>_FRAM_SPI_FLAG</name>
         <value>0xe8b4</value>
         <object_component_ref idref="oc-253"/>
      </symbol>
      <symbol id="sm-119b">
         <name>_FRAMRecDataFlag</name>
         <value>0xe8b0</value>
         <object_component_ref idref="oc-253"/>
      </symbol>
      <symbol id="sm-119c">
         <name>_FRAM_WriteOneByte</name>
         <value>0x8d8c2</value>
         <object_component_ref idref="oc-372"/>
      </symbol>
      <symbol id="sm-119e">
         <name>_FRAM_Write_Enable</name>
         <value>0x8d8f7</value>
         <object_component_ref idref="oc-372"/>
      </symbol>
      <symbol id="sm-11a0">
         <name>_FRAMSendDataCnt</name>
         <value>0xe8b6</value>
         <object_component_ref idref="oc-253"/>
      </symbol>
      <symbol id="sm-11a1">
         <name>_fram</name>
         <value>0x10a40</value>
         <object_component_ref idref="oc-254"/>
      </symbol>
      <symbol id="sm-11a2">
         <name>_Fram_Send_Data</name>
         <value>0x8d903</value>
         <object_component_ref idref="oc-372"/>
      </symbol>
      <symbol id="sm-11a4">
         <name>_FRAM_ArrayInit</name>
         <value>0x8d9e6</value>
         <object_component_ref idref="oc-372"/>
      </symbol>
      <symbol id="sm-11dd">
         <name>_UART_RX_Buff</name>
         <value>0x8b172</value>
         <object_component_ref idref="oc-374"/>
      </symbol>
      <symbol id="sm-11df">
         <name>_UART_RX_ArrayInit</name>
         <value>0x8b01e</value>
         <object_component_ref idref="oc-374"/>
      </symbol>
      <symbol id="sm-11e1">
         <name>_UART_TimerTickMicroSeconds</name>
         <value>0x8b150</value>
         <object_component_ref idref="oc-374"/>
      </symbol>
      <symbol id="sm-11e3">
         <name>_UART_modbusConstruction</name>
         <value>0x8b195</value>
         <object_component_ref idref="oc-374"/>
      </symbol>
      <symbol id="sm-11e5">
         <name>_SCI_R</name>
         <value>0xe848</value>
         <object_component_ref idref="oc-36a"/>
      </symbol>
      <symbol id="sm-11e6">
         <name>_SCI_D_Init</name>
         <value>0x8b148</value>
         <object_component_ref idref="oc-374"/>
      </symbol>
      <symbol id="sm-11e8">
         <name>_SCI_A_Init</name>
         <value>0x8b130</value>
         <object_component_ref idref="oc-374"/>
      </symbol>
      <symbol id="sm-11ea">
         <name>_SCI_B_Init</name>
         <value>0x8b138</value>
         <object_component_ref idref="oc-374"/>
      </symbol>
      <symbol id="sm-11ec">
         <name>_SCI_C_Init</name>
         <value>0x8b140</value>
         <object_component_ref idref="oc-374"/>
      </symbol>
      <symbol id="sm-11ee">
         <name>_UART_TX_ArrayInit</name>
         <value>0x8b056</value>
         <object_component_ref idref="oc-374"/>
      </symbol>
      <symbol id="sm-11f0">
         <name>_UART_RX_FrameResolutionFunc</name>
         <value>0xe850</value>
         <object_component_ref idref="oc-39f"/>
      </symbol>
      <symbol id="sm-11f1">
         <name>_UART_ArrayInit</name>
         <value>0x8b00e</value>
         <object_component_ref idref="oc-374"/>
      </symbol>
      <symbol id="sm-11f3">
         <name>_UART_RX_ISR</name>
         <value>0x8b211</value>
         <object_component_ref idref="oc-374"/>
      </symbol>
      <symbol id="sm-11f5">
         <name>_UART_TX_ISR</name>
         <value>0x8b380</value>
         <object_component_ref idref="oc-374"/>
      </symbol>
      <symbol id="sm-11f7">
         <name>_UART_ErrSWRESET</name>
         <value>0x8afe4</value>
         <object_component_ref idref="oc-374"/>
      </symbol>
      <symbol id="sm-11f9">
         <name>_UART</name>
         <value>0xfb40</value>
         <object_component_ref idref="oc-25b"/>
      </symbol>
      <symbol id="sm-11fa">
         <name>_SCI_Init</name>
         <value>0x8b087</value>
         <object_component_ref idref="oc-374"/>
      </symbol>
      <symbol id="sm-11fc">
         <name>_UART_TX_DlyCnt</name>
         <value>0xe90c</value>
         <object_component_ref idref="oc-3a4"/>
      </symbol>
      <symbol id="sm-11fd">
         <name>_UART_CCC</name>
         <value>0x8b402</value>
         <object_component_ref idref="oc-374"/>
      </symbol>
      <symbol id="sm-120f">
         <name>_SPI_REG</name>
         <value>0xe83a</value>
         <object_component_ref idref="oc-36b"/>
      </symbol>
      <symbol id="sm-1210">
         <name>_SPI_TX_ArrayInit</name>
         <value>0x8dd3a</value>
         <object_component_ref idref="oc-39e"/>
      </symbol>
      <symbol id="sm-1212">
         <name>_SPI_Init</name>
         <value>0x8dcfd</value>
         <object_component_ref idref="oc-39e"/>
      </symbol>
      <symbol id="sm-1214">
         <name>_SPI_RX_ArrayInit</name>
         <value>0x8dd09</value>
         <object_component_ref idref="oc-39e"/>
      </symbol>
      <symbol id="sm-1216">
         <name>_SPI_Reg_Init</name>
         <value>0x8dc4e</value>
         <object_component_ref idref="oc-39e"/>
      </symbol>
      <symbol id="sm-1223">
         <name>_my_xmifGPIOInit</name>
         <value>0x8cb2a</value>
         <object_component_ref idref="oc-408"/>
      </symbol>
      <symbol id="sm-1225">
         <name>_my_xintfInit</name>
         <value>0x8cd4d</value>
         <object_component_ref idref="oc-408"/>
      </symbol>
      <symbol id="sm-1256">
         <name>_Example_done</name>
         <value>0x8b833</value>
         <object_component_ref idref="oc-37f"/>
      </symbol>
      <symbol id="sm-1258">
         <name>_Example_Fail</name>
         <value>0xe8f4</value>
         <object_component_ref idref="oc-26c"/>
      </symbol>
      <symbol id="sm-1259">
         <name>_Device_bootCPU2</name>
         <value>0x8b6a8</value>
         <object_component_ref idref="oc-37f"/>
      </symbol>
      <symbol id="sm-125b">
         <name>_Device_initGPIO</name>
         <value>0x8b610</value>
         <object_component_ref idref="oc-37f"/>
      </symbol>
      <symbol id="sm-125d">
         <name>_Example_setResultPass</name>
         <value>0x8b829</value>
         <object_component_ref idref="oc-37f"/>
      </symbol>
      <symbol id="sm-125f">
         <name>___error__</name>
         <value>0x8b822</value>
         <object_component_ref idref="oc-37f"/>
      </symbol>
      <symbol id="sm-1261">
         <name>_Example_Result</name>
         <value>0xe8f0</value>
         <object_component_ref idref="oc-26c"/>
      </symbol>
      <symbol id="sm-1262">
         <name>_Example_setResultFail</name>
         <value>0x8b82e</value>
         <object_component_ref idref="oc-37f"/>
      </symbol>
      <symbol id="sm-1264">
         <name>_Device_enableUnbondedGPIOPullupsFor176Pin</name>
         <value>0x8b631</value>
         <object_component_ref idref="oc-37f"/>
      </symbol>
      <symbol id="sm-1266">
         <name>_Device_enableUnbondedGPIOPullups</name>
         <value>0x8b661</value>
         <object_component_ref idref="oc-37f"/>
      </symbol>
      <symbol id="sm-1268">
         <name>_Device_init</name>
         <value>0x8b4d0</value>
         <object_component_ref idref="oc-37f"/>
      </symbol>
      <symbol id="sm-126a">
         <name>_Example_PassCount</name>
         <value>0xe8f2</value>
         <object_component_ref idref="oc-26c"/>
      </symbol>
      <symbol id="sm-126b">
         <name>_Device_enableUnbondedGPIOPullupsFor100Pin</name>
         <value>0x8b644</value>
         <object_component_ref idref="oc-37f"/>
      </symbol>
      <symbol id="sm-126d">
         <name>_Device_enableAllPeripherals</name>
         <value>0x8b525</value>
         <object_component_ref idref="oc-37f"/>
      </symbol>
      <symbol id="sm-126f">
         <name>_Device_configureTMXAnalogTrim</name>
         <value>0x8b677</value>
         <object_component_ref idref="oc-37f"/>
      </symbol>
      <symbol id="sm-12b0">
         <name>_CAN_sendMessage</name>
         <value>0x8e665</value>
         <object_component_ref idref="oc-41e"/>
      </symbol>
      <symbol id="sm-12b2">
         <name>_CAN_setBitTiming</name>
         <value>0x8e73f</value>
         <object_component_ref idref="oc-41c"/>
      </symbol>
      <symbol id="sm-12b4">
         <name>_CAN_setupMessageObject</name>
         <value>0x8e086</value>
         <object_component_ref idref="oc-41d"/>
      </symbol>
      <symbol id="sm-12f8">
         <name>_Flash_initModule</name>
         <value>0x8000</value>
         <object_component_ref idref="oc-3e5"/>
      </symbol>
      <symbol id="sm-1322">
         <name>_GPIO_setControllerCore</name>
         <value>0x8e9fd</value>
         <object_component_ref idref="oc-3ed"/>
      </symbol>
      <symbol id="sm-1324">
         <name>_GPIO_setPinConfig</name>
         <value>0x8ea34</value>
         <object_component_ref idref="oc-3ec"/>
      </symbol>
      <symbol id="sm-1326">
         <name>_GPIO_setDirectionMode</name>
         <value>0x8ead9</value>
         <object_component_ref idref="oc-3ea"/>
      </symbol>
      <symbol id="sm-1328">
         <name>_GPIO_setQualificationMode</name>
         <value>0x8ea6b</value>
         <object_component_ref idref="oc-3eb"/>
      </symbol>
      <symbol id="sm-132a">
         <name>_GPIO_setPadConfig</name>
         <value>0x8e85b</value>
         <object_component_ref idref="oc-407"/>
      </symbol>
      <symbol id="sm-1359">
         <name>_Interrupt_illegalOperationHandler</name>
         <value>0x8eeb6</value>
         <object_component_ref idref="oc-286"/>
      </symbol>
      <symbol id="sm-135b">
         <name>_Interrupt_enable</name>
         <value>0x8eaa2</value>
         <object_component_ref idref="oc-404"/>
      </symbol>
      <symbol id="sm-135d">
         <name>_Interrupt_initVectorTable</name>
         <value>0x8eca4</value>
         <object_component_ref idref="oc-3c8"/>
      </symbol>
      <symbol id="sm-135f">
         <name>_Interrupt_initModule</name>
         <value>0x8e986</value>
         <object_component_ref idref="oc-3c7"/>
      </symbol>
      <symbol id="sm-1361">
         <name>_Interrupt_nmiHandler</name>
         <value>0x8eec0</value>
         <object_component_ref idref="oc-287"/>
      </symbol>
      <symbol id="sm-1363">
         <name>_Interrupt_defaultHandler</name>
         <value>0x8edb5</value>
         <object_component_ref idref="oc-285"/>
      </symbol>
      <symbol id="sm-13e9">
         <name>_SysCtl_selectXTAL</name>
         <value>0x8e43f</value>
         <object_component_ref idref="oc-434"/>
      </symbol>
      <symbol id="sm-13eb">
         <name>_SysCtl_delay</name>
         <value>0x8128</value>
         <object_component_ref idref="oc-28e"/>
      </symbol>
      <symbol id="sm-13ec">
         <name>_SysCtl_selectOscSource</name>
         <value>0x8e8fe</value>
         <object_component_ref idref="oc-42b"/>
      </symbol>
      <symbol id="sm-13ee">
         <name>_SysCtl_setClock</name>
         <value>0x8d2c9</value>
         <object_component_ref idref="oc-3e7"/>
      </symbol>
      <symbol id="sm-13f0">
         <name>_SysCtl_getLowSpeedClock</name>
         <value>0x8ed6c</value>
         <object_component_ref idref="oc-3e9"/>
      </symbol>
      <symbol id="sm-13f2">
         <name>_SysCtl_getClock</name>
         <value>0x8e8ad</value>
         <object_component_ref idref="oc-3e8"/>
      </symbol>
      <symbol id="sm-13f4">
         <name>_SysCtl_getDeviceParametric</name>
         <value>0x8e6d7</value>
         <object_component_ref idref="oc-3e6"/>
      </symbol>
      <symbol id="sm-141b">
         <name>_logf</name>
         <value>0x8da00</value>
         <object_component_ref idref="oc-3ac"/>
      </symbol>
      <symbol id="sm-141d">
         <name>_log</name>
         <value>0x8da00</value>
         <object_component_ref idref="oc-3ac"/>
      </symbol>
      <symbol id="sm-1441">
         <name>_c_int00</name>
         <value>0x8e805</value>
         <object_component_ref idref="oc-a8"/>
      </symbol>
      <symbol id="sm-1442">
         <name>__stack</name>
         <value>0x400</value>
         <object_component_ref idref="oc-29f"/>
      </symbol>
      <symbol id="sm-1453">
         <name>FS$$DIV</name>
         <value>0x8e55a</value>
         <object_component_ref idref="oc-2a5"/>
      </symbol>
      <symbol id="sm-145f">
         <name>U$$MOD</name>
         <value>0x8eeb0</value>
         <object_component_ref idref="oc-2aa"/>
      </symbol>
      <symbol id="sm-1460">
         <name>U$$DIV</name>
         <value>0x8eeab</value>
         <object_component_ref idref="oc-2aa"/>
      </symbol>
      <symbol id="sm-146f">
         <name>_copy_in</name>
         <value>0x8ebff</value>
         <object_component_ref idref="oc-366"/>
      </symbol>
      <symbol id="sm-1481">
         <name>_memcpy</name>
         <value>0x8ecfd</value>
         <object_component_ref idref="oc-378"/>
      </symbol>
      <symbol id="sm-148e">
         <name>__system_pre_init</name>
         <value>0x8eefa</value>
         <object_component_ref idref="oc-365"/>
      </symbol>
      <symbol id="sm-149c">
         <name>__system_post_cinit</name>
         <value>0x8eefc</value>
         <object_component_ref idref="oc-367"/>
      </symbol>
      <symbol id="sm-14b1">
         <name>C$$EXIT</name>
         <value>0x8eb88</value>
         <object_component_ref idref="oc-369"/>
      </symbol>
      <symbol id="sm-14b2">
         <name>_exit</name>
         <value>0x8eb8a</value>
         <object_component_ref idref="oc-369"/>
      </symbol>
      <symbol id="sm-14b4">
         <name>___TI_cleanup_ptr</name>
         <value>0xe8f8</value>
         <object_component_ref idref="oc-2c5"/>
      </symbol>
      <symbol id="sm-14b5">
         <name>___TI_enable_exit_profile_output</name>
         <value>0xe8f6</value>
         <object_component_ref idref="oc-2c5"/>
      </symbol>
      <symbol id="sm-14b6">
         <name>_abort</name>
         <value>0x8eb88</value>
         <object_component_ref idref="oc-369"/>
      </symbol>
      <symbol id="sm-14b8">
         <name>___TI_dtors_ptr</name>
         <value>0xe8fa</value>
         <object_component_ref idref="oc-2c5"/>
      </symbol>
      <symbol id="sm-14cc">
         <name>__unlock</name>
         <value>0xe918</value>
         <object_component_ref idref="oc-409"/>
      </symbol>
      <symbol id="sm-14cd">
         <name>__lock</name>
         <value>0xe916</value>
         <object_component_ref idref="oc-37a"/>
      </symbol>
      <symbol id="sm-14ce">
         <name>__register_lock</name>
         <value>0x8eed7</value>
         <object_component_ref idref="oc-3cb"/>
      </symbol>
      <symbol id="sm-14d0">
         <name>__nop</name>
         <value>0x8eedb</value>
         <object_component_ref idref="oc-3cb"/>
      </symbol>
      <symbol id="sm-14d2">
         <name>__register_unlock</name>
         <value>0x8eed3</value>
         <object_component_ref idref="oc-3cb"/>
      </symbol>
      <symbol id="sm-14e2">
         <name>__args_main</name>
         <value>0x8ee18</value>
         <object_component_ref idref="oc-368"/>
      </symbol>
      <symbol id="sm-14ed">
         <name>_errno</name>
         <value>0xe921</value>
         <object_component_ref idref="oc-2d6"/>
      </symbol>
      <symbol id="sm-1515">
         <name>FD$$CMP</name>
         <value>0x8eb34</value>
         <object_component_ref idref="oc-2df"/>
      </symbol>
      <symbol id="sm-1527">
         <name>FD$$MPY</name>
         <value>0x8e5e2</value>
         <object_component_ref idref="oc-2e4"/>
      </symbol>
      <symbol id="sm-1534">
         <name>FD$$NEG</name>
         <value>0x8eedc</value>
         <object_component_ref idref="oc-2e9"/>
      </symbol>
      <symbol id="sm-1540">
         <name>FD$$SUB</name>
         <value>0x8ee78</value>
         <object_component_ref idref="oc-2ee"/>
      </symbol>
      <symbol id="sm-154f">
         <name>FD$$TOI</name>
         <value>0x8ec45</value>
         <object_component_ref idref="oc-2f3"/>
      </symbol>
      <symbol id="sm-155e">
         <name>FD$$TOL</name>
         <value>0x8ec85</value>
         <object_component_ref idref="oc-2f8"/>
      </symbol>
      <symbol id="sm-156a">
         <name>LL$$AND</name>
         <value>0x8ed86</value>
         <object_component_ref idref="oc-2fd"/>
      </symbol>
      <symbol id="sm-156b">
         <name>LL$$OR</name>
         <value>0x8ed8e</value>
         <object_component_ref idref="oc-2fd"/>
      </symbol>
      <symbol id="sm-156c">
         <name>LL$$XOR</name>
         <value>0x8ed96</value>
         <object_component_ref idref="oc-2fd"/>
      </symbol>
      <symbol id="sm-157a">
         <name>ULL$$CMP</name>
         <value>0x8ecd4</value>
         <object_component_ref idref="oc-302"/>
      </symbol>
      <symbol id="sm-157b">
         <name>LL$$CMP</name>
         <value>0x8ecc2</value>
         <object_component_ref idref="oc-302"/>
      </symbol>
      <symbol id="sm-15a7">
         <name>ULL$$MOD</name>
         <value>0x8df23</value>
         <object_component_ref idref="oc-307"/>
      </symbol>
      <symbol id="sm-15a8">
         <name>ULL$$DIV</name>
         <value>0x8def4</value>
         <object_component_ref idref="oc-307"/>
      </symbol>
      <symbol id="sm-15a9">
         <name>LL$$MOD</name>
         <value>0x8deba</value>
         <object_component_ref idref="oc-307"/>
      </symbol>
      <symbol id="sm-15aa">
         <name>LL$$DIV</name>
         <value>0x8de7e</value>
         <object_component_ref idref="oc-307"/>
      </symbol>
      <symbol id="sm-15ba">
         <name>I$$TOFD</name>
         <value>0x8ece0</value>
         <object_component_ref idref="oc-30c"/>
      </symbol>
      <symbol id="sm-15ca">
         <name>L$$TOFD</name>
         <value>0x8ed36</value>
         <object_component_ref idref="oc-311"/>
      </symbol>
      <symbol id="sm-15da">
         <name>FS$$TOFD</name>
         <value>0x8ed1a</value>
         <object_component_ref idref="oc-316"/>
      </symbol>
      <symbol id="sm-15f1">
         <name>FD$$DIV</name>
         <value>0x8e4cf</value>
         <object_component_ref idref="oc-31b"/>
      </symbol>
      <symbol id="sm-1678">
         <name>FD$$ADD</name>
         <value>0x8e3a3</value>
         <object_component_ref idref="oc-356"/>
      </symbol>
      <symbol id="sm-1684">
         <name>UL$$MOD</name>
         <value>0x8eb82</value>
         <object_component_ref idref="oc-35b"/>
      </symbol>
      <symbol id="sm-1685">
         <name>L$$MOD</name>
         <value>0x8eb6d</value>
         <object_component_ref idref="oc-35b"/>
      </symbol>
      <symbol id="sm-1686">
         <name>L$$DIV</name>
         <value>0x8eb5e</value>
         <object_component_ref idref="oc-35b"/>
      </symbol>
      <symbol id="sm-1687">
         <name>UL$$DIV</name>
         <value>0x8eb7b</value>
         <object_component_ref idref="oc-35b"/>
      </symbol>
   </symbol_table>
   <title>Link successful</title>
</link_info>
